// Jest Snapshot v1, https://goo.gl/fbAQLP

exports[`interfaces.js [babel] format 1`] = `
"Unexpected reserved word 'interface' (2:1)
  1 | foo.interface;
> 2 | interface.foo;
    | ^
  3 | new interface();
  4 | ({ interface: \\"foo\\" });
  5 | (interface, \\"foo\\");"
`;

exports[`interfaces.js format 1`] = `
====================================options=====================================
parsers: ["espree", "meriyah", "babel"]
printWidth: 80
                                                                                | printWidth
=====================================input======================================
foo.interface;
interface.foo;
new interface();
({ interface: "foo" });
(interface, "foo");
void interface;
const interface = "foo";

=====================================output=====================================
foo.interface;
interface.foo;
new interface();
({ interface: "foo" });
interface, "foo";
void interface;
const interface = "foo";

================================================================================
`;
